// Jest Snapshot v1, https://goo.gl/fbAQLP

exports[`Pagination renders Pagination component 1`] = `
<div>
  <div
    class="news"
  >
    <h3
      class="news__decor"
    >
      Новини
    </h3>
    <div
      class="news__wrap"
    >
      <div
        class="news__inner"
      >
        <div
          class="news__imgWrap"
        >
          <a
            href="/news/1"
          >
            <img
              alt="news.jpg"
              class="news__img"
            />
          </a>
        </div>
        <div
          class="news__textBox"
        >
          <div
            class="news__textWrap"
          >
            <a
              class="news__linkAlt"
              href="/news/1"
            >
              <h2
                class="titleMain"
              >
                Новина
              </h2>
            </a>
            <p
              class="news__desc"
            >
              News
            </p>
          </div>
          <a
            class="news__link"
            href="/news/1"
          >
            Читати повністю
          </a>
        </div>
      </div>
    </div>
  </div>
  <ul
    aria-label="Pagination"
    class="pagination"
    role="navigation"
  >
    <li
      class="pagination__btn disabled"
    >
      <a
        aria-disabled="true"
        aria-label="Previous page"
        class=" disabled"
        rel="prev"
        role="button"
        tabindex="-1"
      >
        &lt;
      </a>
    </li>
    <li
      class="active"
    >
      <a
        aria-current="page"
        aria-label="Page 1 is your current page"
        class="pagination__link"
        rel="canonical"
        role="button"
        tabindex="-1"
      >
        1
      </a>
    </li>
    <li
      class="pagination__btn disabled"
    >
      <a
        aria-disabled="true"
        aria-label="Next page"
        class=" disabled"
        rel="next"
        role="button"
        tabindex="-1"
      >
        &gt;
      </a>
    </li>
  </ul>
</div>
`;
